
> react-example@0.0.0 build
> vite build

[36mvite v8.3.0 [32mbuilding client environment for production...[36m[39m
transforming...
✓ 2869 modules transformed.
rendering chunks...
computing gzip size...
dist/index.html                        1.26 kB │ gzip:   0.58 kB
dist/assets/index-BWtVoPOD.css       208.80 kB │ gzip:  27.05 kB
dist/assets/purify.es-7fJ1DZ6H.js     26.92 kB │ gzip:  10.69 kB
dist/assets/index.es-D3s-DNut.js     151.37 kB │ gzip:  48.88 kB
dist/assets/index-CAwH_kf6.js      2,689.01 kB │ gzip: 745.34 kB

[33m[plugin builtin:vite-reporter] 
(!) Some chunks are larger than 500 kB after minification. Consider:
- Using dynamic import() to code-split the application
- Use build.rolldownOptions.output.codeSplitting to improve chunking: https://rolldown.rs/reference/OutputOptions.codeSplitting
- Adjust chunk size limit for this warning via build.chunkSizeWarningLimit.[39m
[32m✓ built in 1.76s[39m
